---
source: src/help.rs
expression: terminal.backend()
---
"                                        󱊷  Discard | ↵  Apply | ^C ^X ^V ^Z Edit                                        "
"                                                                                                                        "
